2024-07-22T00:00:13.872-04:00  INFO 21388 --- [relevans] [main] com.relevans.RelevansApplication         : Starting RelevansApplication using Java 17.0.11 with PID 21388 (C:\Users\luisb\OneDrive\Documents\TESABIZ\RelevanceAPP\relevansBackend\relevans\target\classes started by luisb in C:\Users\luisb\OneDrive\Documents\TESABIZ\RelevanceAPP\relevansBackend\relevans)
2024-07-22T00:00:13.875-04:00  INFO 21388 --- [relevans] [main] com.relevans.RelevansApplication         : No active profile set, falling back to 1 default profile: "default"
2024-07-22T00:00:14.762-04:00  INFO 21388 --- [relevans] [main] .s.d.r.c.RepositoryConfigurationDelegate : Bootstrapping Spring Data JPA repositories in DEFAULT mode.
2024-07-22T00:00:14.847-04:00  INFO 21388 --- [relevans] [main] .s.d.r.c.RepositoryConfigurationDelegate : Finished Spring Data repository scanning in 73 ms. Found 4 JPA repository interfaces.
2024-07-22T00:00:15.549-04:00  INFO 21388 --- [relevans] [main] o.s.b.w.embedded.tomcat.TomcatWebServer  : Tomcat initialized with port 8082 (http)
2024-07-22T00:00:15.563-04:00  INFO 21388 --- [relevans] [main] o.apache.catalina.core.StandardService   : Starting service [Tomcat]
2024-07-22T00:00:15.564-04:00  INFO 21388 --- [relevans] [main] o.apache.catalina.core.StandardEngine    : Starting Servlet engine: [Apache Tomcat/10.1.20]
2024-07-22T00:00:15.651-04:00  INFO 21388 --- [relevans] [main] o.a.c.c.C.[Tomcat].[localhost].[/]       : Initializing Spring embedded WebApplicationContext
2024-07-22T00:00:15.652-04:00  INFO 21388 --- [relevans] [main] w.s.c.ServletWebServerApplicationContext : Root WebApplicationContext: initialization completed in 1712 ms
2024-07-22T00:00:15.910-04:00  INFO 21388 --- [relevans] [main] o.hibernate.jpa.internal.util.LogHelper  : HHH000204: Processing PersistenceUnitInfo [name: default]
2024-07-22T00:00:15.976-04:00  INFO 21388 --- [relevans] [main] org.hibernate.Version                    : HHH000412: Hibernate ORM core version 6.4.4.Final
2024-07-22T00:00:16.018-04:00  INFO 21388 --- [relevans] [main] o.h.c.internal.RegionFactoryInitiator    : HHH000026: Second-level cache disabled
2024-07-22T00:00:16.311-04:00  INFO 21388 --- [relevans] [main] o.s.o.j.p.SpringPersistenceUnitInfo      : No LoadTimeWeaver setup: ignoring JPA class transformer
2024-07-22T00:00:16.348-04:00  INFO 21388 --- [relevans] [main] com.zaxxer.hikari.HikariDataSource       : HikariPool-1 - Starting...
2024-07-22T00:00:16.867-04:00  INFO 21388 --- [relevans] [main] com.zaxxer.hikari.pool.HikariPool        : HikariPool-1 - Added connection ConnectionID:1 ClientConnectionId: 2a418f95-d42b-48bd-8a26-febcd231acd3
2024-07-22T00:00:16.869-04:00  INFO 21388 --- [relevans] [main] com.zaxxer.hikari.HikariDataSource       : HikariPool-1 - Start completed.
2024-07-22T00:00:16.900-04:00  WARN 21388 --- [relevans] [main] org.hibernate.orm.deprecation            : HHH90000025: SQLServerDialect does not need to be specified explicitly using 'hibernate.dialect' (remove the property setting and it will be selected by default)
2024-07-22T00:00:18.134-04:00  INFO 21388 --- [relevans] [main] o.h.e.t.j.p.i.JtaPlatformInitiator       : HHH000489: No JTA platform available (set 'hibernate.transaction.jta.platform' to enable JTA platform integration)
2024-07-22T00:00:20.720-04:00  INFO 21388 --- [relevans] [main] j.LocalContainerEntityManagerFactoryBean : Initialized JPA EntityManagerFactory for persistence unit 'default'
2024-07-22T00:00:21.053-04:00 ERROR 21388 --- [relevans] [main] o.s.b.web.embedded.tomcat.TomcatStarter  : Error starting Tomcat context. Exception: org.springframework.beans.factory.UnsatisfiedDependencyException. Message: Error creating bean with name 'jwtAuthenticationFilter' defined in file [C:\Users\luisb\OneDrive\Documents\TESABIZ\RelevanceAPP\relevansBackend\relevans\target\classes\com\relevans\filters\JwtAuthenticationFilter.class]: Unsatisfied dependency expressed through constructor parameter 1: Error creating bean with name 'userService' defined in file [C:\Users\luisb\OneDrive\Documents\TESABIZ\RelevanceAPP\relevansBackend\relevans\target\classes\com\relevans\service\UserService.class]: Unsatisfied dependency expressed through constructor parameter 2: No qualifying bean of type 'org.springframework.security.crypto.password.PasswordEncoder' available: expected at least 1 bean which qualifies as autowire candidate. Dependency annotations: {}
2024-07-22T00:00:21.087-04:00  INFO 21388 --- [relevans] [main] o.apache.catalina.core.StandardService   : Stopping service [Tomcat]
2024-07-22T00:00:21.091-04:00  WARN 21388 --- [relevans] [main] o.a.c.loader.WebappClassLoaderBase       : The web application [ROOT] appears to have started a thread named [mssql-jdbc-shared-timer-core-0] but has failed to stop it. This is very likely to create a memory leak. Stack trace of thread:
 java.base@17.0.11/jdk.internal.misc.Unsafe.park(Native Method)
 java.base@17.0.11/java.util.concurrent.locks.LockSupport.parkNanos(LockSupport.java:252)
 java.base@17.0.11/java.util.concurrent.locks.AbstractQueuedSynchronizer$ConditionObject.awaitNanos(AbstractQueuedSynchronizer.java:1674)
 java.base@17.0.11/java.util.concurrent.ScheduledThreadPoolExecutor$DelayedWorkQueue.take(ScheduledThreadPoolExecutor.java:1182)
 java.base@17.0.11/java.util.concurrent.ScheduledThreadPoolExecutor$DelayedWorkQueue.take(ScheduledThreadPoolExecutor.java:899)
 java.base@17.0.11/java.util.concurrent.ThreadPoolExecutor.getTask(ThreadPoolExecutor.java:1062)
 java.base@17.0.11/java.util.concurrent.ThreadPoolExecutor.runWorker(ThreadPoolExecutor.java:1122)
 java.base@17.0.11/java.util.concurrent.ThreadPoolExecutor$Worker.run(ThreadPoolExecutor.java:635)
 java.base@17.0.11/java.lang.Thread.run(Thread.java:840)
2024-07-22T00:00:21.092-04:00  WARN 21388 --- [relevans] [main] o.a.c.loader.WebappClassLoaderBase       : The web application [ROOT] appears to have started a thread named [HikariPool-1 housekeeper] but has failed to stop it. This is very likely to create a memory leak. Stack trace of thread:
 java.base@17.0.11/jdk.internal.misc.Unsafe.park(Native Method)
 java.base@17.0.11/java.util.concurrent.locks.LockSupport.parkNanos(LockSupport.java:252)
 java.base@17.0.11/java.util.concurrent.locks.AbstractQueuedSynchronizer$ConditionObject.awaitNanos(AbstractQueuedSynchronizer.java:1674)
 java.base@17.0.11/java.util.concurrent.ScheduledThreadPoolExecutor$DelayedWorkQueue.take(ScheduledThreadPoolExecutor.java:1182)
 java.base@17.0.11/java.util.concurrent.ScheduledThreadPoolExecutor$DelayedWorkQueue.take(ScheduledThreadPoolExecutor.java:899)
 java.base@17.0.11/java.util.concurrent.ThreadPoolExecutor.getTask(ThreadPoolExecutor.java:1062)
 java.base@17.0.11/java.util.concurrent.ThreadPoolExecutor.runWorker(ThreadPoolExecutor.java:1122)
 java.base@17.0.11/java.util.concurrent.ThreadPoolExecutor$Worker.run(ThreadPoolExecutor.java:635)
 java.base@17.0.11/java.lang.Thread.run(Thread.java:840)
2024-07-22T00:00:21.092-04:00  WARN 21388 --- [relevans] [main] o.a.c.loader.WebappClassLoaderBase       : The web application [ROOT] appears to have started a thread named [HikariPool-1 connection adder] but has failed to stop it. This is very likely to create a memory leak. Stack trace of thread:
 java.base@17.0.11/jdk.internal.misc.Unsafe.park(Native Method)
 java.base@17.0.11/java.util.concurrent.locks.LockSupport.parkNanos(LockSupport.java:252)
 java.base@17.0.11/java.util.concurrent.locks.AbstractQueuedSynchronizer$ConditionObject.awaitNanos(AbstractQueuedSynchronizer.java:1674)
 java.base@17.0.11/java.util.concurrent.LinkedBlockingQueue.poll(LinkedBlockingQueue.java:460)
 java.base@17.0.11/java.util.concurrent.ThreadPoolExecutor.getTask(ThreadPoolExecutor.java:1061)
 java.base@17.0.11/java.util.concurrent.ThreadPoolExecutor.runWorker(ThreadPoolExecutor.java:1122)
 java.base@17.0.11/java.util.concurrent.ThreadPoolExecutor$Worker.run(ThreadPoolExecutor.java:635)
 java.base@17.0.11/java.lang.Thread.run(Thread.java:840)
2024-07-22T00:00:21.095-04:00  WARN 21388 --- [relevans] [main] ConfigServletWebServerApplicationContext : Exception encountered during context initialization - cancelling refresh attempt: org.springframework.context.ApplicationContextException: Unable to start web server
2024-07-22T00:00:21.096-04:00  INFO 21388 --- [relevans] [main] j.LocalContainerEntityManagerFactoryBean : Closing JPA EntityManagerFactory for persistence unit 'default'
2024-07-22T00:00:21.099-04:00  INFO 21388 --- [relevans] [main] com.zaxxer.hikari.HikariDataSource       : HikariPool-1 - Shutdown initiated...
2024-07-22T00:00:21.105-04:00  INFO 21388 --- [relevans] [main] com.zaxxer.hikari.HikariDataSource       : HikariPool-1 - Shutdown completed.
2024-07-22T00:00:21.114-04:00  INFO 21388 --- [relevans] [main] .s.b.a.l.ConditionEvaluationReportLogger : 

Error starting ApplicationContext. To display the condition evaluation report re-run your application with 'debug' enabled.
2024-07-22T00:00:21.156-04:00 ERROR 21388 --- [relevans] [main] o.s.b.d.LoggingFailureAnalysisReporter   : 

***************************
APPLICATION FAILED TO START
***************************

Description:

Parameter 2 of constructor in com.relevans.service.UserService required a bean of type 'org.springframework.security.crypto.password.PasswordEncoder' that could not be found.


Action:

Consider defining a bean of type 'org.springframework.security.crypto.password.PasswordEncoder' in your configuration.

2024-07-22T00:01:38.448-04:00  INFO 20684 --- [relevans] [main] com.relevans.RelevansApplication         : Starting RelevansApplication using Java 17.0.11 with PID 20684 (C:\Users\luisb\OneDrive\Documents\TESABIZ\RelevanceAPP\relevansBackend\relevans\target\classes started by luisb in C:\Users\luisb\OneDrive\Documents\TESABIZ\RelevanceAPP\relevansBackend\relevans)
2024-07-22T00:01:38.451-04:00  INFO 20684 --- [relevans] [main] com.relevans.RelevansApplication         : No active profile set, falling back to 1 default profile: "default"
2024-07-22T00:01:39.275-04:00  INFO 20684 --- [relevans] [main] .s.d.r.c.RepositoryConfigurationDelegate : Bootstrapping Spring Data JPA repositories in DEFAULT mode.
2024-07-22T00:01:39.360-04:00  INFO 20684 --- [relevans] [main] .s.d.r.c.RepositoryConfigurationDelegate : Finished Spring Data repository scanning in 73 ms. Found 4 JPA repository interfaces.
2024-07-22T00:01:40.071-04:00  INFO 20684 --- [relevans] [main] o.s.b.w.embedded.tomcat.TomcatWebServer  : Tomcat initialized with port 8082 (http)
2024-07-22T00:01:40.087-04:00  INFO 20684 --- [relevans] [main] o.apache.catalina.core.StandardService   : Starting service [Tomcat]
2024-07-22T00:01:40.087-04:00  INFO 20684 --- [relevans] [main] o.apache.catalina.core.StandardEngine    : Starting Servlet engine: [Apache Tomcat/10.1.20]
2024-07-22T00:01:40.168-04:00  INFO 20684 --- [relevans] [main] o.a.c.c.C.[Tomcat].[localhost].[/]       : Initializing Spring embedded WebApplicationContext
2024-07-22T00:01:40.169-04:00  INFO 20684 --- [relevans] [main] w.s.c.ServletWebServerApplicationContext : Root WebApplicationContext: initialization completed in 1669 ms
2024-07-22T00:01:40.402-04:00  INFO 20684 --- [relevans] [main] o.hibernate.jpa.internal.util.LogHelper  : HHH000204: Processing PersistenceUnitInfo [name: default]
2024-07-22T00:01:40.466-04:00  INFO 20684 --- [relevans] [main] org.hibernate.Version                    : HHH000412: Hibernate ORM core version 6.4.4.Final
2024-07-22T00:01:40.508-04:00  INFO 20684 --- [relevans] [main] o.h.c.internal.RegionFactoryInitiator    : HHH000026: Second-level cache disabled
2024-07-22T00:01:40.804-04:00  INFO 20684 --- [relevans] [main] o.s.o.j.p.SpringPersistenceUnitInfo      : No LoadTimeWeaver setup: ignoring JPA class transformer
2024-07-22T00:01:40.851-04:00  INFO 20684 --- [relevans] [main] com.zaxxer.hikari.HikariDataSource       : HikariPool-1 - Starting...
2024-07-22T00:01:41.360-04:00  INFO 20684 --- [relevans] [main] com.zaxxer.hikari.pool.HikariPool        : HikariPool-1 - Added connection ConnectionID:1 ClientConnectionId: 1d1c619a-edde-47f5-bed7-189a18499d4d
2024-07-22T00:01:41.362-04:00  INFO 20684 --- [relevans] [main] com.zaxxer.hikari.HikariDataSource       : HikariPool-1 - Start completed.
2024-07-22T00:01:41.395-04:00  WARN 20684 --- [relevans] [main] org.hibernate.orm.deprecation            : HHH90000025: SQLServerDialect does not need to be specified explicitly using 'hibernate.dialect' (remove the property setting and it will be selected by default)
2024-07-22T00:01:42.649-04:00  INFO 20684 --- [relevans] [main] o.h.e.t.j.p.i.JtaPlatformInitiator       : HHH000489: No JTA platform available (set 'hibernate.transaction.jta.platform' to enable JTA platform integration)
2024-07-22T00:01:44.608-04:00  INFO 20684 --- [relevans] [main] j.LocalContainerEntityManagerFactoryBean : Initialized JPA EntityManagerFactory for persistence unit 'default'
2024-07-22T00:01:44.961-04:00 ERROR 20684 --- [relevans] [main] o.s.b.web.embedded.tomcat.TomcatStarter  : Error starting Tomcat context. Exception: org.springframework.beans.factory.UnsatisfiedDependencyException. Message: Error creating bean with name 'jwtAuthenticationFilter' defined in file [C:\Users\luisb\OneDrive\Documents\TESABIZ\RelevanceAPP\relevansBackend\relevans\target\classes\com\relevans\filters\JwtAuthenticationFilter.class]: Unsatisfied dependency expressed through constructor parameter 1: Error creating bean with name 'userService' defined in file [C:\Users\luisb\OneDrive\Documents\TESABIZ\RelevanceAPP\relevansBackend\relevans\target\classes\com\relevans\service\UserService.class]: Unsatisfied dependency expressed through constructor parameter 2: Error creating bean with name 'securityConfig' defined in file [C:\Users\luisb\OneDrive\Documents\TESABIZ\RelevanceAPP\relevansBackend\relevans\target\classes\com\relevans\configurations\SecurityConfig.class]: Unsatisfied dependency expressed through constructor parameter 0: Error creating bean with name 'jwtAuthenticationFilter': Requested bean is currently in creation: Is there an unresolvable circular reference?
2024-07-22T00:01:44.993-04:00  INFO 20684 --- [relevans] [main] o.apache.catalina.core.StandardService   : Stopping service [Tomcat]
2024-07-22T00:01:44.996-04:00  WARN 20684 --- [relevans] [main] o.a.c.loader.WebappClassLoaderBase       : The web application [ROOT] appears to have started a thread named [mssql-jdbc-shared-timer-core-0] but has failed to stop it. This is very likely to create a memory leak. Stack trace of thread:
 java.base@17.0.11/jdk.internal.misc.Unsafe.park(Native Method)
 java.base@17.0.11/java.util.concurrent.locks.LockSupport.parkNanos(LockSupport.java:252)
 java.base@17.0.11/java.util.concurrent.locks.AbstractQueuedSynchronizer$ConditionObject.awaitNanos(AbstractQueuedSynchronizer.java:1674)
 java.base@17.0.11/java.util.concurrent.ScheduledThreadPoolExecutor$DelayedWorkQueue.take(ScheduledThreadPoolExecutor.java:1182)
 java.base@17.0.11/java.util.concurrent.ScheduledThreadPoolExecutor$DelayedWorkQueue.take(ScheduledThreadPoolExecutor.java:899)
 java.base@17.0.11/java.util.concurrent.ThreadPoolExecutor.getTask(ThreadPoolExecutor.java:1062)
 java.base@17.0.11/java.util.concurrent.ThreadPoolExecutor.runWorker(ThreadPoolExecutor.java:1122)
 java.base@17.0.11/java.util.concurrent.ThreadPoolExecutor$Worker.run(ThreadPoolExecutor.java:635)
 java.base@17.0.11/java.lang.Thread.run(Thread.java:840)
2024-07-22T00:01:44.997-04:00  WARN 20684 --- [relevans] [main] o.a.c.loader.WebappClassLoaderBase       : The web application [ROOT] appears to have started a thread named [HikariPool-1 housekeeper] but has failed to stop it. This is very likely to create a memory leak. Stack trace of thread:
 java.base@17.0.11/jdk.internal.misc.Unsafe.park(Native Method)
 java.base@17.0.11/java.util.concurrent.locks.LockSupport.parkNanos(LockSupport.java:252)
 java.base@17.0.11/java.util.concurrent.locks.AbstractQueuedSynchronizer$ConditionObject.awaitNanos(AbstractQueuedSynchronizer.java:1674)
 java.base@17.0.11/java.util.concurrent.ScheduledThreadPoolExecutor$DelayedWorkQueue.take(ScheduledThreadPoolExecutor.java:1182)
 java.base@17.0.11/java.util.concurrent.ScheduledThreadPoolExecutor$DelayedWorkQueue.take(ScheduledThreadPoolExecutor.java:899)
 java.base@17.0.11/java.util.concurrent.ThreadPoolExecutor.getTask(ThreadPoolExecutor.java:1062)
 java.base@17.0.11/java.util.concurrent.ThreadPoolExecutor.runWorker(ThreadPoolExecutor.java:1122)
 java.base@17.0.11/java.util.concurrent.ThreadPoolExecutor$Worker.run(ThreadPoolExecutor.java:635)
 java.base@17.0.11/java.lang.Thread.run(Thread.java:840)
2024-07-22T00:01:44.997-04:00  WARN 20684 --- [relevans] [main] o.a.c.loader.WebappClassLoaderBase       : The web application [ROOT] appears to have started a thread named [HikariPool-1 connection adder] but has failed to stop it. This is very likely to create a memory leak. Stack trace of thread:
 java.base@17.0.11/jdk.internal.misc.Unsafe.park(Native Method)
 java.base@17.0.11/java.util.concurrent.locks.LockSupport.parkNanos(LockSupport.java:252)
 java.base@17.0.11/java.util.concurrent.locks.AbstractQueuedSynchronizer$ConditionObject.awaitNanos(AbstractQueuedSynchronizer.java:1674)
 java.base@17.0.11/java.util.concurrent.LinkedBlockingQueue.poll(LinkedBlockingQueue.java:460)
 java.base@17.0.11/java.util.concurrent.ThreadPoolExecutor.getTask(ThreadPoolExecutor.java:1061)
 java.base@17.0.11/java.util.concurrent.ThreadPoolExecutor.runWorker(ThreadPoolExecutor.java:1122)
 java.base@17.0.11/java.util.concurrent.ThreadPoolExecutor$Worker.run(ThreadPoolExecutor.java:635)
 java.base@17.0.11/java.lang.Thread.run(Thread.java:840)
2024-07-22T00:01:45.000-04:00  WARN 20684 --- [relevans] [main] ConfigServletWebServerApplicationContext : Exception encountered during context initialization - cancelling refresh attempt: org.springframework.context.ApplicationContextException: Unable to start web server
2024-07-22T00:01:45.000-04:00  INFO 20684 --- [relevans] [main] j.LocalContainerEntityManagerFactoryBean : Closing JPA EntityManagerFactory for persistence unit 'default'
2024-07-22T00:01:45.003-04:00  INFO 20684 --- [relevans] [main] com.zaxxer.hikari.HikariDataSource       : HikariPool-1 - Shutdown initiated...
2024-07-22T00:01:45.009-04:00  INFO 20684 --- [relevans] [main] com.zaxxer.hikari.HikariDataSource       : HikariPool-1 - Shutdown completed.
2024-07-22T00:01:45.018-04:00  INFO 20684 --- [relevans] [main] .s.b.a.l.ConditionEvaluationReportLogger : 

Error starting ApplicationContext. To display the condition evaluation report re-run your application with 'debug' enabled.
2024-07-22T00:01:45.046-04:00 ERROR 20684 --- [relevans] [main] o.s.b.d.LoggingFailureAnalysisReporter   : 

***************************
APPLICATION FAILED TO START
***************************

Description:

The dependencies of some of the beans in the application context form a cycle:

┌─────┐
|  jwtAuthenticationFilter defined in file [C:\Users\luisb\OneDrive\Documents\TESABIZ\RelevanceAPP\relevansBackend\relevans\target\classes\com\relevans\filters\JwtAuthenticationFilter.class]
↑     ↓
|  userService defined in file [C:\Users\luisb\OneDrive\Documents\TESABIZ\RelevanceAPP\relevansBackend\relevans\target\classes\com\relevans\service\UserService.class]
↑     ↓
|  securityConfig defined in file [C:\Users\luisb\OneDrive\Documents\TESABIZ\RelevanceAPP\relevansBackend\relevans\target\classes\com\relevans\configurations\SecurityConfig.class]
└─────┘


Action:

Relying upon circular references is discouraged and they are prohibited by default. Update your application to remove the dependency cycle between beans. As a last resort, it may be possible to break the cycle automatically by setting spring.main.allow-circular-references to true.

2024-07-22T00:35:17.862-04:00  INFO 19872 --- [relevans] [main] com.relevans.RelevansApplication         : Starting RelevansApplication using Java 17.0.11 with PID 19872 (C:\Users\luisb\OneDrive\Documents\TESABIZ\RelevanceAPP\relevansBackend\relevans\target\classes started by luisb in C:\Users\luisb\OneDrive\Documents\TESABIZ\RelevanceAPP\relevansBackend\relevans)
2024-07-22T00:35:17.864-04:00  INFO 19872 --- [relevans] [main] com.relevans.RelevansApplication         : No active profile set, falling back to 1 default profile: "default"
2024-07-22T00:35:18.721-04:00  INFO 19872 --- [relevans] [main] .s.d.r.c.RepositoryConfigurationDelegate : Bootstrapping Spring Data JPA repositories in DEFAULT mode.
2024-07-22T00:35:18.811-04:00  INFO 19872 --- [relevans] [main] .s.d.r.c.RepositoryConfigurationDelegate : Finished Spring Data repository scanning in 79 ms. Found 4 JPA repository interfaces.
2024-07-22T00:35:19.474-04:00  INFO 19872 --- [relevans] [main] o.s.b.w.embedded.tomcat.TomcatWebServer  : Tomcat initialized with port 8082 (http)
2024-07-22T00:35:19.487-04:00  INFO 19872 --- [relevans] [main] o.apache.catalina.core.StandardService   : Starting service [Tomcat]
2024-07-22T00:35:19.488-04:00  INFO 19872 --- [relevans] [main] o.apache.catalina.core.StandardEngine    : Starting Servlet engine: [Apache Tomcat/10.1.20]
2024-07-22T00:35:19.572-04:00  INFO 19872 --- [relevans] [main] o.a.c.c.C.[Tomcat].[localhost].[/]       : Initializing Spring embedded WebApplicationContext
2024-07-22T00:35:19.573-04:00  INFO 19872 --- [relevans] [main] w.s.c.ServletWebServerApplicationContext : Root WebApplicationContext: initialization completed in 1650 ms
2024-07-22T00:35:19.799-04:00  INFO 19872 --- [relevans] [main] o.hibernate.jpa.internal.util.LogHelper  : HHH000204: Processing PersistenceUnitInfo [name: default]
2024-07-22T00:35:19.868-04:00  INFO 19872 --- [relevans] [main] org.hibernate.Version                    : HHH000412: Hibernate ORM core version 6.4.4.Final
2024-07-22T00:35:19.917-04:00  INFO 19872 --- [relevans] [main] o.h.c.internal.RegionFactoryInitiator    : HHH000026: Second-level cache disabled
2024-07-22T00:35:20.220-04:00  INFO 19872 --- [relevans] [main] o.s.o.j.p.SpringPersistenceUnitInfo      : No LoadTimeWeaver setup: ignoring JPA class transformer
2024-07-22T00:35:20.263-04:00  INFO 19872 --- [relevans] [main] com.zaxxer.hikari.HikariDataSource       : HikariPool-1 - Starting...
2024-07-22T00:35:20.781-04:00  INFO 19872 --- [relevans] [main] com.zaxxer.hikari.pool.HikariPool        : HikariPool-1 - Added connection ConnectionID:1 ClientConnectionId: 747bfefd-2c1b-4177-9fcb-ad0e1fa85917
2024-07-22T00:35:20.784-04:00  INFO 19872 --- [relevans] [main] com.zaxxer.hikari.HikariDataSource       : HikariPool-1 - Start completed.
2024-07-22T00:35:20.816-04:00  WARN 19872 --- [relevans] [main] org.hibernate.orm.deprecation            : HHH90000025: SQLServerDialect does not need to be specified explicitly using 'hibernate.dialect' (remove the property setting and it will be selected by default)
2024-07-22T00:35:22.136-04:00  INFO 19872 --- [relevans] [main] o.h.e.t.j.p.i.JtaPlatformInitiator       : HHH000489: No JTA platform available (set 'hibernate.transaction.jta.platform' to enable JTA platform integration)
2024-07-22T00:35:24.096-04:00  INFO 19872 --- [relevans] [main] j.LocalContainerEntityManagerFactoryBean : Initialized JPA EntityManagerFactory for persistence unit 'default'
2024-07-22T00:35:25.112-04:00  WARN 19872 --- [relevans] [main] JpaBaseConfiguration$JpaWebConfiguration : spring.jpa.open-in-view is enabled by default. Therefore, database queries may be performed during view rendering. Explicitly configure spring.jpa.open-in-view to disable this warning
2024-07-22T00:35:25.450-04:00  INFO 19872 --- [relevans] [main] o.s.s.web.DefaultSecurityFilterChain     : Will secure any request with [org.springframework.security.web.session.DisableEncodeUrlFilter@53a645a2, org.springframework.security.web.context.request.async.WebAsyncManagerIntegrationFilter@c8d20bb, org.springframework.security.web.context.SecurityContextHolderFilter@278df226, org.springframework.security.web.header.HeaderWriterFilter@1407b93f, org.springframework.web.filter.CorsFilter@1ead6e20, org.springframework.security.web.authentication.logout.LogoutFilter@771b2b5b, com.relevans.filters.JwtAuthenticationFilter@5408fca1, org.springframework.security.web.savedrequest.RequestCacheAwareFilter@28a33dc9, org.springframework.security.web.servletapi.SecurityContextHolderAwareRequestFilter@1609ed55, org.springframework.security.web.authentication.AnonymousAuthenticationFilter@59f56892, org.springframework.security.web.access.ExceptionTranslationFilter@79392584, org.springframework.security.web.access.intercept.AuthorizationFilter@22bbbe6]
2024-07-22T00:35:25.773-04:00  INFO 19872 --- [relevans] [main] o.s.b.w.embedded.tomcat.TomcatWebServer  : Tomcat started on port 8082 (http) with context path ''
2024-07-22T00:35:25.786-04:00  INFO 19872 --- [relevans] [main] com.relevans.RelevansApplication         : Started RelevansApplication in 8.512 seconds (process running for 9.369)
2024-07-22T00:35:41.043-04:00  INFO 19872 --- [relevans] [SpringApplicationShutdownHook] j.LocalContainerEntityManagerFactoryBean : Closing JPA EntityManagerFactory for persistence unit 'default'
2024-07-22T00:35:41.045-04:00  INFO 19872 --- [relevans] [SpringApplicationShutdownHook] com.zaxxer.hikari.HikariDataSource       : HikariPool-1 - Shutdown initiated...
2024-07-22T00:35:41.051-04:00  INFO 19872 --- [relevans] [SpringApplicationShutdownHook] com.zaxxer.hikari.HikariDataSource       : HikariPool-1 - Shutdown completed.
2024-07-22T10:05:34.544-04:00  INFO 2548 --- [relevans] [main] com.relevans.RelevansApplication         : Starting RelevansApplication using Java 17.0.10 with PID 2548 (C:\Users\luisb\Documents\Tesabiz\relevansBackend\relevans\target\classes started by luisb in C:\Users\luisb\Documents\Tesabiz\relevansBackend\relevans)
2024-07-22T10:05:34.545-04:00  INFO 2548 --- [relevans] [main] com.relevans.RelevansApplication         : No active profile set, falling back to 1 default profile: "default"
2024-07-22T10:05:34.892-04:00  INFO 2548 --- [relevans] [main] .s.d.r.c.RepositoryConfigurationDelegate : Bootstrapping Spring Data JPA repositories in DEFAULT mode.
2024-07-22T10:05:34.929-04:00  INFO 2548 --- [relevans] [main] .s.d.r.c.RepositoryConfigurationDelegate : Finished Spring Data repository scanning in 30 ms. Found 4 JPA repository interfaces.
2024-07-22T10:05:35.227-04:00  INFO 2548 --- [relevans] [main] o.s.b.w.embedded.tomcat.TomcatWebServer  : Tomcat initialized with port 8082 (http)
2024-07-22T10:05:35.233-04:00  INFO 2548 --- [relevans] [main] o.apache.catalina.core.StandardService   : Starting service [Tomcat]
2024-07-22T10:05:35.234-04:00  INFO 2548 --- [relevans] [main] o.apache.catalina.core.StandardEngine    : Starting Servlet engine: [Apache Tomcat/10.1.20]
2024-07-22T10:05:35.277-04:00  INFO 2548 --- [relevans] [main] o.a.c.c.C.[Tomcat].[localhost].[/]       : Initializing Spring embedded WebApplicationContext
2024-07-22T10:05:35.277-04:00  INFO 2548 --- [relevans] [main] w.s.c.ServletWebServerApplicationContext : Root WebApplicationContext: initialization completed in 707 ms
2024-07-22T10:05:35.374-04:00  INFO 2548 --- [relevans] [main] o.hibernate.jpa.internal.util.LogHelper  : HHH000204: Processing PersistenceUnitInfo [name: default]
2024-07-22T10:05:35.399-04:00  INFO 2548 --- [relevans] [main] org.hibernate.Version                    : HHH000412: Hibernate ORM core version 6.4.4.Final
2024-07-22T10:05:35.418-04:00  INFO 2548 --- [relevans] [main] o.h.c.internal.RegionFactoryInitiator    : HHH000026: Second-level cache disabled
2024-07-22T10:05:35.549-04:00  INFO 2548 --- [relevans] [main] o.s.o.j.p.SpringPersistenceUnitInfo      : No LoadTimeWeaver setup: ignoring JPA class transformer
2024-07-22T10:05:35.567-04:00  INFO 2548 --- [relevans] [main] com.zaxxer.hikari.HikariDataSource       : HikariPool-1 - Starting...
2024-07-22T10:05:35.702-04:00  INFO 2548 --- [relevans] [main] com.zaxxer.hikari.pool.HikariPool        : HikariPool-1 - Added connection ConnectionID:1 ClientConnectionId: 05611739-64dc-4814-a5de-587fe42e8c67
2024-07-22T10:05:35.703-04:00  INFO 2548 --- [relevans] [main] com.zaxxer.hikari.HikariDataSource       : HikariPool-1 - Start completed.
2024-07-22T10:05:35.717-04:00  WARN 2548 --- [relevans] [main] org.hibernate.orm.deprecation            : HHH90000025: SQLServerDialect does not need to be specified explicitly using 'hibernate.dialect' (remove the property setting and it will be selected by default)
2024-07-22T10:05:36.242-04:00  INFO 2548 --- [relevans] [main] o.h.e.t.j.p.i.JtaPlatformInitiator       : HHH000489: No JTA platform available (set 'hibernate.transaction.jta.platform' to enable JTA platform integration)
2024-07-22T10:05:37.384-04:00  INFO 2548 --- [relevans] [main] j.LocalContainerEntityManagerFactoryBean : Initialized JPA EntityManagerFactory for persistence unit 'default'
2024-07-22T10:05:37.550-04:00  WARN 2548 --- [relevans] [main] ConfigServletWebServerApplicationContext : Exception encountered during context initialization - cancelling refresh attempt: org.springframework.beans.factory.BeanCreationException: Error creating bean with name 'relevansApplication': Invocation of init method failed
2024-07-22T10:05:37.551-04:00  INFO 2548 --- [relevans] [main] j.LocalContainerEntityManagerFactoryBean : Closing JPA EntityManagerFactory for persistence unit 'default'
2024-07-22T10:05:37.552-04:00  INFO 2548 --- [relevans] [main] com.zaxxer.hikari.HikariDataSource       : HikariPool-1 - Shutdown initiated...
2024-07-22T10:05:37.556-04:00  INFO 2548 --- [relevans] [main] com.zaxxer.hikari.HikariDataSource       : HikariPool-1 - Shutdown completed.
2024-07-22T10:05:37.557-04:00  INFO 2548 --- [relevans] [main] o.apache.catalina.core.StandardService   : Stopping service [Tomcat]
2024-07-22T10:05:37.565-04:00  INFO 2548 --- [relevans] [main] .s.b.a.l.ConditionEvaluationReportLogger : 

Error starting ApplicationContext. To display the condition evaluation report re-run your application with 'debug' enabled.
2024-07-22T10:05:37.574-04:00 ERROR 2548 --- [relevans] [main] o.s.boot.SpringApplication               : Application run failed

org.springframework.beans.factory.BeanCreationException: Error creating bean with name 'relevansApplication': Invocation of init method failed
	at org.springframework.beans.factory.annotation.InitDestroyAnnotationBeanPostProcessor.postProcessBeforeInitialization(InitDestroyAnnotationBeanPostProcessor.java:222) ~[spring-beans-6.1.6.jar:6.1.6]
	at org.springframework.beans.factory.support.AbstractAutowireCapableBeanFactory.applyBeanPostProcessorsBeforeInitialization(AbstractAutowireCapableBeanFactory.java:422) ~[spring-beans-6.1.6.jar:6.1.6]
	at org.springframework.beans.factory.support.AbstractAutowireCapableBeanFactory.initializeBean(AbstractAutowireCapableBeanFactory.java:1778) ~[spring-beans-6.1.6.jar:6.1.6]
	at org.springframework.beans.factory.support.AbstractAutowireCapableBeanFactory.doCreateBean(AbstractAutowireCapableBeanFactory.java:600) ~[spring-beans-6.1.6.jar:6.1.6]
	at org.springframework.beans.factory.support.AbstractAutowireCapableBeanFactory.createBean(AbstractAutowireCapableBeanFactory.java:522) ~[spring-beans-6.1.6.jar:6.1.6]
	at org.springframework.beans.factory.support.AbstractBeanFactory.lambda$doGetBean$0(AbstractBeanFactory.java:326) ~[spring-beans-6.1.6.jar:6.1.6]
	at org.springframework.beans.factory.support.DefaultSingletonBeanRegistry.getSingleton(DefaultSingletonBeanRegistry.java:234) ~[spring-beans-6.1.6.jar:6.1.6]
	at org.springframework.beans.factory.support.AbstractBeanFactory.doGetBean(AbstractBeanFactory.java:324) ~[spring-beans-6.1.6.jar:6.1.6]
	at org.springframework.beans.factory.support.AbstractBeanFactory.getBean(AbstractBeanFactory.java:200) ~[spring-beans-6.1.6.jar:6.1.6]
	at org.springframework.beans.factory.support.DefaultListableBeanFactory.preInstantiateSingletons(DefaultListableBeanFactory.java:975) ~[spring-beans-6.1.6.jar:6.1.6]
	at org.springframework.context.support.AbstractApplicationContext.finishBeanFactoryInitialization(AbstractApplicationContext.java:962) ~[spring-context-6.1.6.jar:6.1.6]
	at org.springframework.context.support.AbstractApplicationContext.refresh(AbstractApplicationContext.java:624) ~[spring-context-6.1.6.jar:6.1.6]
	at org.springframework.boot.web.servlet.context.ServletWebServerApplicationContext.refresh(ServletWebServerApplicationContext.java:146) ~[spring-boot-3.2.5.jar:3.2.5]
	at org.springframework.boot.SpringApplication.refresh(SpringApplication.java:754) ~[spring-boot-3.2.5.jar:3.2.5]
	at org.springframework.boot.SpringApplication.refreshContext(SpringApplication.java:456) ~[spring-boot-3.2.5.jar:3.2.5]
	at org.springframework.boot.SpringApplication.run(SpringApplication.java:334) ~[spring-boot-3.2.5.jar:3.2.5]
	at org.springframework.boot.SpringApplication.run(SpringApplication.java:1354) ~[spring-boot-3.2.5.jar:3.2.5]
	at org.springframework.boot.SpringApplication.run(SpringApplication.java:1343) ~[spring-boot-3.2.5.jar:3.2.5]
	at com.relevans.RelevansApplication.main(RelevansApplication.java:23) ~[classes/:na]
Caused by: java.io.FileNotFoundException: C:\Users\luisb\OneDrive\Documents\TESABIZ\RelevanceAPP\llave.json (El sistema no puede encontrar la ruta especificada)
	at java.base/java.io.FileInputStream.open0(Native Method) ~[na:na]
	at java.base/java.io.FileInputStream.open(FileInputStream.java:216) ~[na:na]
	at java.base/java.io.FileInputStream.<init>(FileInputStream.java:157) ~[na:na]
	at java.base/java.io.FileInputStream.<init>(FileInputStream.java:111) ~[na:na]
	at com.relevans.RelevansApplication.initializeFirebaseAdmin(RelevansApplication.java:28) ~[classes/:na]
	at java.base/jdk.internal.reflect.NativeMethodAccessorImpl.invoke0(Native Method) ~[na:na]
	at java.base/jdk.internal.reflect.NativeMethodAccessorImpl.invoke(NativeMethodAccessorImpl.java:77) ~[na:na]
	at java.base/jdk.internal.reflect.DelegatingMethodAccessorImpl.invoke(DelegatingMethodAccessorImpl.java:43) ~[na:na]
	at java.base/java.lang.reflect.Method.invoke(Method.java:568) ~[na:na]
	at org.springframework.beans.factory.annotation.InitDestroyAnnotationBeanPostProcessor$LifecycleMethod.invoke(InitDestroyAnnotationBeanPostProcessor.java:457) ~[spring-beans-6.1.6.jar:6.1.6]
	at org.springframework.beans.factory.annotation.InitDestroyAnnotationBeanPostProcessor$LifecycleMetadata.invokeInitMethods(InitDestroyAnnotationBeanPostProcessor.java:401) ~[spring-beans-6.1.6.jar:6.1.6]
	at org.springframework.beans.factory.annotation.InitDestroyAnnotationBeanPostProcessor.postProcessBeforeInitialization(InitDestroyAnnotationBeanPostProcessor.java:219) ~[spring-beans-6.1.6.jar:6.1.6]
	... 18 common frames omitted

